This is pdfTeX, Version 3.141592653-2.6-1.40.29 (TeX Live 2026) (preloaded format=pdflatex)
 restricted \write18 enabled.
entering extended mode
(./ibeji.tex
LaTeX2e <2026-06-01>
L3 programming layer <2026-08-10>
(./IEEEtran.cls
Document Class: IEEEtran 2015/08/26 V1.8b by Michael Shell
-- See the "IEEEtran_HOWTO" manual for usage information.
-- http://www.michaelshell.org/tex/ieeetran/
(/Users/macbookpro/Library/TinyTeX/texmf-dist/tex/latex/psnfss/ot1ptm.fd)
-- Using 8.5in x 11in (letter) paper.
-- Using PDF output.
-- This is a 10 point document.
)
** ATTENTION: Overriding command lockouts (line 2).
(/Users/macbookpro/Library/TinyTeX/texmf-dist/tex/latex/cite/cite.sty) (/Users/macbookpro/Library/TinyTeX/texmf-dist/tex/latex/amsmath/amsmath.sty
For additional information on amsmath, use the `?' option.
(/Users/macbookpro/Library/TinyTeX/texmf-dist/tex/latex/amsmath/amstext.sty (/Users/macbookpro/Library/TinyTeX/texmf-dist/tex/latex/amsmath/amsgen.sty)) (/Users/macbookpro/Library/TinyTeX/texmf-dist/tex/latex/amsmath/amsbsy.sty) (/Users/macbookpro/Library/TinyTeX/texmf-dist/tex/latex/amsmath/amsopn.sty)) (/Users/macbookpro/Library/TinyTeX/texmf-dist/tex/latex/amsfonts/amssymb.sty (/Users/macbookpro/Library/TinyTeX/texmf-dist/tex/latex/amsfonts/amsfonts.sty)) (/Users/macbookpro/Library/TinyTeX/texmf-dist/tex/latex/graphics/graphicx.sty (/Users/macbookpro/Library/TinyTeX/texmf-dist/tex/latex/graphics/keyval.sty) (/Users/macbookpro/Library/TinyTeX/texmf-dist/tex/latex/graphics/graphics.sty (/Users/macbookpro/Library/TinyTeX/texmf-dist/tex/latex/graphics/trig.sty) (/Users/macbookpro/Library/TinyTeX/texmf-dist/tex/latex/graphics-cfg/graphics.cfg) (/Users/macbookpro/Library/TinyTeX/texmf-dist/tex/latex/graphics-def/pdftex.def))) (/Users/macbookpro/Library/TinyTeX/texmf-dist/tex/latex/booktabs/booktabs.sty) (/Users/macbookpro/Library/TinyTeX/texmf-dist/tex/latex/xcolor/xcolor.sty (/Users/macbookpro/Library/TinyTeX/texmf-dist/tex/latex/graphics-cfg/color.cfg) (/Users/macbookpro/Library/TinyTeX/texmf-dist/tex/latex/graphics/mathcolor.ltx)) (/Users/macbookpro/Library/TinyTeX/texmf-dist/tex/latex/url/url.sty) (/Users/macbookpro/Library/TinyTeX/texmf-dist/tex/latex/hyperref/hyperref.sty (/Users/macbookpro/Library/TinyTeX/texmf-dist/tex/generic/iftex/iftex.sty) (/Users/macbookpro/Library/TinyTeX/texmf-dist/tex/latex/kvsetkeys/kvsetkeys.sty) (/Users/macbookpro/Library/TinyTeX/texmf-dist/tex/generic/kvdefinekeys/kvdefinekeys.sty) (/Users/macbookpro/Library/TinyTeX/texmf-dist/tex/generic/pdfescape/pdfescape.sty (/Users/macbookpro/Library/TinyTeX/texmf-dist/tex/generic/ltxcmds/ltxcmds.sty) (/Users/macbookpro/Library/TinyTeX/texmf-dist/tex/generic/pdftexcmds/pdftexcmds.sty (/Users/macbookpro/Library/TinyTeX/texmf-dist/tex/generic/infwarerr/infwarerr.sty))) (/Users/macbookpro/Library/TinyTeX/texmf-dist/tex/latex/hycolor/hycolor.sty) (/Users/macbookpro/Library/TinyTeX/texmf-dist/tex/latex/hyperref/nameref.sty (/Users/macbookpro/Library/TinyTeX/texmf-dist/tex/latex/refcount/refcount.sty) (/Users/macbookpro/Library/TinyTeX/texmf-dist/tex/generic/gettitlestring/gettitlestring.sty (/Users/macbookpro/Library/TinyTeX/texmf-dist/tex/latex/kvoptions/kvoptions.sty))) (/Users/macbookpro/Library/TinyTeX/texmf-dist/tex/latex/etoolbox/etoolbox.sty) (/Users/macbookpro/Library/TinyTeX/texmf-dist/tex/generic/stringenc/stringenc.sty) (/Users/macbookpro/Library/TinyTeX/texmf-dist/tex/latex/hyperref/pd1enc.def) (/Users/macbookpro/Library/TinyTeX/texmf-dist/tex/generic/intcalc/intcalc.sty) (/Users/macbookpro/Library/TinyTeX/texmf-dist/tex/latex/hyperref/puenc.def) (/Users/macbookpro/Library/TinyTeX/texmf-dist/tex/generic/bitset/bitset.sty (/Users/macbookpro/Library/TinyTeX/texmf-dist/tex/generic/bigintcalc/bigintcalc.sty))) (/Users/macbookpro/Library/TinyTeX/texmf-dist/tex/latex/hyperref/hpdftex.def (/Users/macbookpro/Library/TinyTeX/texmf-dist/tex/latex/rerunfilecheck/rerunfilecheck.sty (/Users/macbookpro/Library/TinyTeX/texmf-dist/tex/generic/uniquecounter/uniquecounter.sty))) (/Users/macbookpro/Library/TinyTeX/texmf-dist/tex/latex/l3kernel/l3backend-pdftex.def) (./ibeji.aux)
-- Lines per column: 56 (exact).
(/Users/macbookpro/Library/TinyTeX/texmf-dist/tex/latex/epstopdf-pkg/epstopdf-base.sty (/Users/macbookpro/Library/TinyTeX/texmf-dist/tex/latex/latexconfig/epstopdf-sys.cfg)) (./ibeji.out) (./ibeji.out) [1{/Users/macbookpro/Library/TinyTeX/texmf-var/fonts/map/pdftex/updmap/pdftex.map}{/Users/macbookpro/Library/TinyTeX/texmf-dist/fonts/enc/dvips/base/8r.enc}] (/Users/macbookpro/Library/TinyTeX/texmf-dist/tex/latex/amsfonts/umsa.fd) (/Users/macbookpro/Library/TinyTeX/texmf-dist/tex/latex/amsfonts/umsb.fd) [2]
Overfull \hbox (3.70352pt too wide) detected at line 82
[][][]\OML/cmm/m/it/10 V\OT1/cmr/m/n/10 (\OML/cmm/m/it/10 w; D; R\OT1/cmr/m/n/10 ) = \OML/cmm/m/it/10 w[]D[]R D[]w;  D \OT1/cmr/m/n/10 = [][]2\OML/cmm/m/it/10 p[]\OT1/cmr/m/n/10 (1 \OMS/cmsy/m/n/10 ^^@ \OML/cmm/m/it/10 p[]\OT1/cmr/m/n/10 )[]\OML/cmm/m/it/10 :

LaTeX Warning: Reference `fig:landscape' on page 3 undefined on input line 118.

[3]

LaTeX Warning: Reference `fig:ld' on page 4 undefined on input line 120.


LaTeX Warning: Reference `fig:accuracy' on page 4 undefined on input line 123.


LaTeX Warning: Reference `fig:concordance' on page 4 undefined on input line 125.


LaTeX Warning: Reference `fig:coverage' on page 4 undefined on input line 130.


LaTeX Warning: Reference `fig:twas_asd' on page 4 undefined on input line 133.


LaTeX Warning: Reference `fig:twas_four' on page 4 undefined on input line 133.

(./ibeji.bbl [4])

** Conference Paper **
Before submitting the final camera ready copy, remember to:

 1. Manually equalize the lengths of two columns on the last page
 of your paper;

 2. Ensure that any PostScript and/or PDF output post-processing
 uses only Type 1 fonts and that every step in the generation
 process uses the appropriate paper size.

[5] (./ibeji.aux)

LaTeX Warning: There were undefined references.

 )
(see the transcript file for additional information)</Users/macbookpro/Library/TinyTeX/texmf-dist/fonts/type1/public/amsfonts/cm/cmex10.pfb></Users/macbookpro/Library/TinyTeX/texmf-dist/fonts/type1/public/amsfonts/cm/cmmi10.pfb></Users/macbookpro/Library/TinyTeX/texmf-dist/fonts/type1/public/amsfonts/cm/cmmi7.pfb></Users/macbookpro/Library/TinyTeX/texmf-dist/fonts/type1/public/amsfonts/cm/cmr10.pfb></Users/macbookpro/Library/TinyTeX/texmf-dist/fonts/type1/public/amsfonts/cm/cmr7.pfb></Users/macbookpro/Library/TinyTeX/texmf-dist/fonts/type1/public/amsfonts/cm/cmsy10.pfb></Users/macbookpro/Library/TinyTeX/texmf-dist/fonts/type1/public/amsfonts/cm/cmsy7.pfb></Users/macbookpro/Library/TinyTeX/texmf-dist/fonts/type1/urw/times/utmb8a.pfb></Users/macbookpro/Library/TinyTeX/texmf-dist/fonts/type1/urw/times/utmbi8a.pfb></Users/macbookpro/Library/TinyTeX/texmf-dist/fonts/type1/urw/times/utmr8a.pfb></Users/macbookpro/Library/TinyTeX/texmf-dist/fonts/type1/urw/times/utmri8a.pfb>
Output written on ibeji.pdf (5 pages, 168602 bytes).
Transcript written on ibeji.log.
